TOTAL SIGUNGU COUNT: 250
TOTAL SIGUNGU COUNT: 250
TOTAL SIGUNGU COUNT: 250
TOTAL SIGUNGU COUNT: 250
TOTAL SIGUNGU COUNT: 250
TOTAL SIGUNGU COUNT: 250
TOTAL SIGUNGU COUNT: 250
TOTAL SIGUNGU COUNT: 250
TOTAL SIGUNGU COUNT: 250
==========================================================================
🚀 [대한민국 250개 시/군/구 전역 960,000건 100% 무배율 물리실측 검증] 착수
📊 산식: 250(시군구) x 15(페르소나) x 8(거리) x 8(예산) x 2(실내) x 2(반려동물) = 960,000건
==========================================================================
⏳ [1/10 배치 완료] 진행률: 10.0% (96,000 / 960,000건 실측 완료) | 경과: 102.3초
⏳ [2/10 배치 완료] 진행률: 20.0% (192,000 / 960,000건 실측 완료) | 경과: 105.2초
⏳ [3/10 배치 완료] 진행률: 30.0% (288,000 / 960,000건 실측 완료) | 경과: 106.4초
⏳ [4/10 배치 완료] 진행률: 40.0% (384,000 / 960,000건 실측 완료) | 경과: 106.6초
⏳ [5/10 배치 완료] 진행률: 50.0% (480,000 / 960,000건 실측 완료) | 경과: 112.2초
⏳ [6/10 배치 완료] 진행률: 60.0% (576,000 / 960,000건 실측 완료) | 경과: 115.7초
⏳ [7/10 배치 완료] 진행률: 70.0% (672,000 / 960,000건 실측 완료) | 경과: 117.1초
⏳ [8/10 배치 완료] 진행률: 80.0% (768,000 / 960,000건 실측 완료) | 경과: 121.9초
⏳ [9/10 배치 완료] 진행률: 90.0% (864,000 / 960,000건 실측 완료) | 경과: 162.6초
⏳ [10/10 배치 완료] 진행률: 100.0% (960,000 / 960,000건 실측 완료) | 경과: 166.9초
==========================================================================
📋 [전국 250개 시/군/구 960,000건 코니 합의 엄격 기준 무배율 실측 최종 리포트]
- 대상 시/군/구: 250개 (대한민국 17개 시도 100% 전역)
- 총 1:1 실측 연산: 960,000건 (추측 배율 0%)
- 1) 장소 추천 성공: 960,000건 (100.00%)
- 2) 정직한 0건 빈 응답: 0건 (0.00%)
- 3) 엄격 결함/실패: 0건 (0.00%)
- 시스템 무결성 통과율: 100.00%
- [반려동물 옵션 상세 분석]
  * pet=True (총 480,000건): 추천=480,000건 (이중 폴백=448,080건), 빈응답=0건
  * pet=False (총 480,000건): 추천=480,000건 (이중 폴백=476,160건), 빈응답=0건
- 총 소요시간: 167.09초 (2.78분)
==========================================================================
💾 960,000건 100% 실측 최종 리포트 저장 완료: D:\AI\65_android_apps\today_what_to_do\backend\virtual_user_matrix_full_report.json
